Archive member included to satisfy reference by file (symbol)

./drivers/ddr/libddr_64.a(dcu.o)
                              output/drivers/irq/chip.o (init_chip_ddr)
/home/tool/arm-hjimi-linux-gnueabi/bin/../lib/gcc/arm-hjimi-linux-gnueabi/7.3.0/libgcc.a(_aeabi_uldivmod.o)
                              output/drivers/timers/timer_imi2280.o (__aeabi_uldivmod)
/home/tool/arm-hjimi-linux-gnueabi/bin/../lib/gcc/arm-hjimi-linux-gnueabi/7.3.0/libgcc.a(_dvmd_lnx.o)
                              /home/tool/arm-hjimi-linux-gnueabi/bin/../lib/gcc/arm-hjimi-linux-gnueabi/7.3.0/libgcc.a(_aeabi_uldivmod.o) (__aeabi_ldiv0)
/home/tool/arm-hjimi-linux-gnueabi/bin/../lib/gcc/arm-hjimi-linux-gnueabi/7.3.0/libgcc.a(_udivmoddi4.o)
                              /home/tool/arm-hjimi-linux-gnueabi/bin/../lib/gcc/arm-hjimi-linux-gnueabi/7.3.0/libgcc.a(_aeabi_uldivmod.o) (__udivmoddi4)

Allocating common symbols
Common symbol       size              file

cookie_qspi         0x4               output/drivers/qspi/candence_qspi.o
dputask_handle      0x4               output/app/dpu/dputask.o
tZQCS               0x4               ./drivers/ddr/libddr_64.a(dcu.o)
usb_free_list       0x8               output/app/dpu/dputask.o
tRRD                0x4               ./drivers/ddr/libddr_64.a(dcu.o)
dpc                 0xc0              output/app/dpu/dputask.o
CL                  0x4               ./drivers/ddr/libddr_64.a(dcu.o)
UART_Handler        0x4               output/main/main.o
___strtok           0x4               output/tools/stdlib/string.o
qspi_dma_complete   0x4               output/drivers/qspi/candence_qspi.o
g_imi_video         0x4               output/drivers/usb/gadget/function/u_imi.o
tx_chan             0x4               output/drivers/qspi/candence_qspi.o
CWL                 0x4               ./drivers/ddr/libddr_64.a(dcu.o)
tDLLK               0x4               ./drivers/ddr/libddr_64.a(dcu.o)
cli_output          0x400             output/tools/FreeRTOS_CLI/imi_console.o
queue_uart_buff     0x40              output/main/uart_task.o
tRP                 0x4               ./drivers/ddr/libddr_64.a(dcu.o)
tXPDLL              0x4               ./drivers/ddr/libddr_64.a(dcu.o)
tCKE                0x4               ./drivers/ddr/libddr_64.a(dcu.o)
tRASmin             0x4               ./drivers/ddr/libddr_64.a(dcu.o)
irq_desc            0x1000            output/drivers/irq/vic_int.o
xQueueRegistry      0x40              output/rtos/queue.o
tREFI               0x4               ./drivers/ddr/libddr_64.a(dcu.o)
idle_handle         0x4               output/app/dpu/dputask.o
rx_chan             0x4               output/drivers/qspi/candence_qspi.o
tXSDLL              0x4               ./drivers/ddr/libddr_64.a(dcu.o)
tRFC                0x4               ./drivers/ddr/libddr_64.a(dcu.o)
queue_uart_cmd      0x40              output/main/uart_task.o
tZQoper             0x4               ./drivers/ddr/libddr_64.a(dcu.o)
tMOD                0x4               ./drivers/ddr/libddr_64.a(dcu.o)
BL                  0x4               ./drivers/ddr/libddr_64.a(dcu.o)
RL                  0x4               ./drivers/ddr/libddr_64.a(dcu.o)
tWR                 0x4               ./drivers/ddr/libddr_64.a(dcu.o)
tRFCmin             0x4               ./drivers/ddr/libddr_64.a(dcu.o)
WL                  0x4               ./drivers/ddr/libddr_64.a(dcu.o)
tXPR                0x4               ./drivers/ddr/libddr_64.a(dcu.o)
usb_busy_list       0x8               output/app/dpu/dputask.o
g_frame_id          0x48              output/drivers/usb/gadget/function/u_imi.o
dev_list            0x140             output/drivers/clock/clock_2280.o
IMI_BUFPOLL_BASE    0x6000000         output/drivers/buf_man/imi_bm.o
QSPI_Handler        0x4               output/main/main.o
tXS                 0x4               ./drivers/ddr/libddr_64.a(dcu.o)
tRC                 0x4               ./drivers/ddr/libddr_64.a(dcu.o)
imi_cmd_hal         0x60              output/app/imi_app/vendor/cmd_hal.o
tCCD                0x4               ./drivers/ddr/libddr_64.a(dcu.o)
tRCD                0x4               ./drivers/ddr/libddr_64.a(dcu.o)
usb_handle          0x4               output/app/dpu/dputask.o
tRTP                0x4               ./drivers/ddr/libddr_64.a(dcu.o)
AL                  0x4               ./drivers/ddr/libddr_64.a(dcu.o)
tCKSRX              0x4               ./drivers/ddr/libddr_64.a(dcu.o)
imi_mail_desc       0xc               output/drivers/mailbox/imi_mailbox.o
tMRD                0x4               ./drivers/ddr/libddr_64.a(dcu.o)
Tctrl_delay         0x4               ./drivers/ddr/libddr_64.a(dcu.o)
elog_assert_hook    0x4               output/tools/easylogger/src/elog.o

Discarded input sections

 .comment       0x0000000000000000       0x31 output/rtos/croutine.o
 .note.GNU-stack
                0x0000000000000000        0x0 output/rtos/croutine.o
 .comment       0x0000000000000000       0x31 output/rtos/event_groups.o
 .note.GNU-stack
[...]
Memory Configuration

Name             Origin             Length             Attributes
*default*        0x0000000000000000 0xffffffffffffffff

Linker script and memory map

LOAD output/rtos/croutine.o
LOAD output/rtos/event_groups.o
LOAD output/rtos/list.o
LOAD output/rtos/portable/GCC/port.o
LOAD output/rtos/portable/MemMang/heap_4.o
LOAD output/rtos/queue.o
LOAD output/rtos/stream_buffer.o
LOAD output/rtos/tasks.o
LOAD output/rtos/timers.o
LOAD output/main/driver_init.o
LOAD output/main/uart_task.o
LOAD output/main/main.o
LOAD output/app/dpu/dpu_hal.o
LOAD output/app/dpu/dputask.o
LOAD output/app/dpu/msg_module.o
LOAD output/app/imi_app/subsystem/usb/vendor_usb.o
LOAD output/app/imi_app/subsystem/vendor_sub_system.o
LOAD output/app/imi_app/vendor/cmd_hal.o
LOAD output/app/imi_app/vendor/vendor_device.o
LOAD output/app/imi_app/vendor/vendor_misc.o
LOAD output/drivers/base/imi_dev.o
LOAD output/drivers/base/imi_work.o
LOAD output/drivers/buf_man/imi_bm.o
LOAD output/drivers/clock/clock.o
LOAD output/drivers/clock/clock_1680.o
LOAD output/drivers/clock/clock_2280.o
LOAD output/drivers/compat/linux_compat.o
LOAD output/drivers/cpu/cpu.o
LOAD output/drivers/csi_rx/csi_rx_2280.o
LOAD output/drivers/csi_rx/vidomain_2280.o
LOAD output/drivers/delay/delay.o
LOAD output/drivers/dma/dmaengine.o
LOAD output/drivers/dma/pl330.o
LOAD output/drivers/dpu_2280/debug.o
LOAD output/drivers/dpu_2280/dpu.o
LOAD output/drivers/dpu_2280/dpu_dev.o
LOAD output/drivers/gpio/gpio.o
LOAD output/drivers/i2c/i2c-designware-common.o
LOAD output/drivers/i2c/i2c-designware-dma.o
LOAD output/drivers/i2c/i2c-designware-master.o
LOAD output/drivers/i2c/i2c-designware-platdrv.o
LOAD output/drivers/i2c/i2c-designware-slave.o
LOAD output/drivers/i2c/i2c_plat.o
LOAD output/drivers/i2c/i2c_core.o
LOAD output/drivers/ipc/imi_ipc.o
LOAD output/drivers/irq/chip.o
LOAD output/drivers/irq/vic_int.o
LOAD output/drivers/irq/interrupt.o
LOAD output/drivers/irrx/irrx.o
LOAD output/drivers/irrx/ov928x.o
LOAD output/drivers/mailbox/imi_mailbox.o
LOAD output/drivers/mailbox/mailbox.o
LOAD output/drivers/pinmux/pinmux.o
LOAD output/drivers/qspi/nand/spi_bbm.o
LOAD output/drivers/qspi/nand/spi_nand.o
LOAD output/drivers/qspi/nor/spi_nor.o
LOAD output/drivers/qspi/nor_test.o
LOAD output/drivers/qspi/nand_test.o
LOAD output/drivers/qspi/candence_qspi.o
LOAD output/drivers/reset/reset_imi1680.o
LOAD output/drivers/reset/reset_imi2280.o
LOAD output/drivers/reset/reset.o
LOAD output/drivers/rvl/rvl.o
LOAD output/drivers/soc/cache-cp15.o
LOAD output/drivers/soc/dma_buf.o
LOAD output/drivers/ssp/imi_spi.o
LOAD output/drivers/timers/timer_imi1680.o
LOAD output/drivers/timers/timer_imi2280.o
LOAD output/drivers/trigger/sensor_sync_2280.o
LOAD output/drivers/trigger/soft_timer.o
LOAD output/drivers/trigger/trigger.o
LOAD output/drivers/uart/uart.o
LOAD output/drivers/usb/gadget/composite.o
LOAD output/drivers/usb/gadget/config.o
LOAD output/drivers/usb/gadget/core.o
LOAD output/drivers/usb/gadget/epautoconf.o
LOAD output/drivers/usb/gadget/function/f_imi.o
LOAD output/drivers/usb/gadget/function/imi_vendor_cmd.o
LOAD output/drivers/usb/gadget/function/u_imi.o
LOAD output/drivers/usb/gadget/legacy/g_imi_usb.o
LOAD output/drivers/usb/gadget/usbstring.o
LOAD output/drivers/usb/musb/musb_core.o
LOAD output/drivers/usb/musb/musb_gadget.o
LOAD output/drivers/usb/musb/musb_gadget_ep0.o
LOAD output/drivers/usb/musb/musb_rtos.o
LOAD output/drivers/usb/musb/musbhsdma.o
LOAD output/drivers/vcsel_driver/vcsel.o
LOAD output/drivers/vcsel_driver/lm36011.o
LOAD output/drivers/vcsel_driver/lm3644.o
LOAD output/boards/2280_ddr/start/section.o
LOAD output/boards/2280_ddr/board_2280.o
LOAD output/tools/FreeRTOS_CLI/FreeRTOS_CLI.o
LOAD output/tools/FreeRTOS_CLI/imi_console.o
LOAD output/tools/easylogger/port/elog_init.o
LOAD output/tools/easylogger/port/elog_port.o
LOAD output/tools/easylogger/src/elog_utils.o
LOAD output/tools/easylogger/src/elog.o
LOAD output/tools/printf/vsnprintf.o
LOAD output/tools/printf/printf.o
LOAD output/tools/stdlib/ctype.o
LOAD output/tools/stdlib/string.o
LOAD output/boards/2280_ddr/start/lib1funcs.o
LOAD output/boards/2280_ddr/start/start.o
LOAD ./drivers/ddr/libddr_64.a
LOAD /home/tool/arm-hjimi-linux-gnueabi/bin/../lib/gcc/arm-hjimi-linux-gnueabi/7.3.0/libgcc.a
LOAD /home/tool/arm-hjimi-linux-gnueabi/bin/../lib/gcc/arm-hjimi-linux-gnueabi/7.3.0/../../../../arm-hjimi-linux-gnueabi/lib/libgcc_s.so
START GROUP
LOAD /home/tool/arm-hjimi-linux-gnueabi/bin/../lib/gcc/arm-hjimi-linux-gnueabi/7.3.0/../../../../arm-hjimi-linux-gnueabi/lib/libgcc_s.so.1
LOAD /home/tool/arm-hjimi-linux-gnueabi/bin/../lib/gcc/arm-hjimi-linux-gnueabi/7.3.0/libgcc.a
END GROUP
LOAD /home/tool/arm-hjimi-linux-gnueabi/arm-hjimi-linux-gnueabi/sysroot/usr/lib/libc.so
START GROUP
LOAD /home/tool/arm-hjimi-linux-gnueabi/arm-hjimi-linux-gnueabi/sysroot/lib/libc.so.6
LOAD /home/tool/arm-hjimi-linux-gnueabi/arm-hjimi-linux-gnueabi/sysroot/usr/lib/libc_nonshared.a
LOAD /home/tool/arm-hjimi-linux-gnueabi/arm-hjimi-linux-gnueabi/sysroot/lib/ld-linux.so.3
END GROUP
LOAD /home/tool/arm-hjimi-linux-gnueabi/bin/../lib/gcc/arm-hjimi-linux-gnueabi/7.3.0/libgcc.a
LOAD /home/tool/arm-hjimi-linux-gnueabi/bin/../lib/gcc/arm-hjimi-linux-gnueabi/7.3.0/../../../../arm-hjimi-linux-gnueabi/lib/libgcc_s.so
START GROUP
LOAD /home/tool/arm-hjimi-linux-gnueabi/bin/../lib/gcc/arm-hjimi-linux-gnueabi/7.3.0/../../../../arm-hjimi-linux-gnueabi/lib/libgcc_s.so.1
LOAD /home/tool/arm-hjimi-linux-gnueabi/bin/../lib/gcc/arm-hjimi-linux-gnueabi/7.3.0/libgcc.a
END GROUP
                0x0000000000000000                . = 0x0
                0x0000000000000000                . = ALIGN (0x4)

.text           0x0000000080000000    0x540d8
                0x0000000080000000                _text = .
 *(.vectors*)
 .vectors       0x0000000080000000       0x3c output/boards/2280_ddr/start/start.o
                0x0000000080000000                __start
                0x000000008000003c                __vectors_end = .
 output/boards/2280_ddr/start/start.o(.text*)
 .text          0x000000008000003c       0x98 output/boards/2280_ddr/start/start.o
                0x000000008000003c                reset
 *(._INIT_START)
 ._INIT_START   0x00000000800000d4        0x4 output/main/driver_init.o
                0x00000000800000d4                func_start
 *(._INIT_EARLY)
 ._INIT_EARLY   0x00000000800000d8        0x4 output/drivers/irq/chip.o
                0x00000000800000d8                _early_vector_addr_init
 ._INIT_EARLY   0x00000000800000dc        0x8 output/drivers/uart/uart.o
                0x00000000800000dc                _early_uart_init
                0x00000000800000e0                _early_uart1_init
 ._INIT_EARLY   0x00000000800000e4        0x4 output/tools/easylogger/port/elog_init.o
                0x00000000800000e4                _early_imi_elog_init
 *(._INIT_CORE)
 ._INIT_CORE    0x00000000800000e8        0x4 output/drivers/base/imi_work.o
                0x00000000800000e8                _core_irq_bootom_half_init
 ._INIT_CORE    0x00000000800000ec        0x8 output/drivers/clock/clock_2280.o
                0x00000000800000ec                _core_clock_dev_init
                0x00000000800000f0                _core_imi_2280_clk_default
 ._INIT_CORE    0x00000000800000f4        0x4 output/drivers/delay/delay.o
                0x00000000800000f4                _core_timer32_init
 ._INIT_CORE    0x00000000800000f8        0x4 output/drivers/irq/vic_int.o
                0x00000000800000f8                _core_vic_init
 ._INIT_CORE    0x00000000800000fc        0x4 output/drivers/reset/reset_imi2280.o
                0x00000000800000fc                _core_imi2280_reset_probe
 *(._INIT_POST_CORE)
 ._INIT_POST_CORE
                0x0000000080000100        0x4 output/drivers/dma/pl330.o
                0x0000000080000100                _post_core_pl330_init
 ._INIT_POST_CORE
                0x0000000080000104        0x4 output/drivers/pinmux/pinmux.o
                0x0000000080000104                _post_core_pinmux_default
 ._INIT_POST_CORE
                0x0000000080000108        0x4 output/drivers/timers/timer_imi2280.o
                0x0000000080000108                _post_core_ConfigSysTime
 *(._INIT_ARCH)
 ._INIT_ARCH    0x000000008000010c        0x4 output/drivers/gpio/gpio.o
                0x000000008000010c                _arch_gpio_device_init
 ._INIT_ARCH    0x0000000080000110        0x4 output/drivers/i2c/i2c-designware-platdrv.o
                0x0000000080000110                _arch_imi_2280_i2c_controller_init
 ._INIT_ARCH    0x0000000080000114        0x4 output/drivers/mailbox/mailbox.o
                0x0000000080000114                _arch_mailbox_dev_init
 *(._INIT_SUBSYS)
 ._INIT_SUBSYS  0x0000000080000118        0x4 output/app/dpu/msg_module.o
                0x0000000080000118                _subsys_msg_module_init
 ._INIT_SUBSYS  0x000000008000011c        0x4 output/drivers/csi_rx/csi_rx_2280.o
                0x000000008000011c                _subsys_csi_dev_init
 ._INIT_SUBSYS  0x0000000080000120        0x4 output/drivers/csi_rx/vidomain_2280.o
                0x0000000080000120                _subsys_vi_domain_probe
 ._INIT_SUBSYS  0x0000000080000124        0x4 output/drivers/dma/dmaengine.o
                0x0000000080000124                _subsys_dma_engine_probe
 ._INIT_SUBSYS  0x0000000080000128        0x4 output/drivers/dpu_2280/dpu.o
                0x0000000080000128                _subsys_dpu_sys_init
 ._INIT_SUBSYS  0x000000008000012c        0x4 output/drivers/i2c/i2c_core.o
                0x000000008000012c                _subsys_i2c_probe
 ._INIT_SUBSYS  0x0000000080000130        0x4 output/drivers/irrx/irrx.o
                0x0000000080000130                _subsys_irrx_sys_init
 ._INIT_SUBSYS  0x0000000080000134        0x4 output/drivers/reset/reset.o
                0x0000000080000134                _subsys_reset_probe
 ._INIT_SUBSYS  0x0000000080000138        0x4 output/drivers/trigger/trigger.o
                0x0000000080000138                _subsys_trigger_sys_init
 ._INIT_SUBSYS  0x000000008000013c        0x4 output/drivers/vcsel_driver/vcsel.o
                0x000000008000013c                _subsys_vcsel_sys_init
 *(._INIT_FS)
 *(._INIT_DEV)
 ._INIT_DEV     0x0000000080000140        0x4 output/drivers/dpu_2280/dpu_dev.o
                0x0000000080000140                _dev_dpu_2280_probe
 ._INIT_DEV     0x0000000080000144        0x4 output/drivers/rvl/rvl.o
                0x0000000080000144                _dev_rvl_dev_init
 ._INIT_DEV     0x0000000080000148        0x4 output/drivers/trigger/sensor_sync_2280.o
                0x0000000080000148                _dev_ss_2280_probe
 ._INIT_DEV     0x000000008000014c        0x4 output/drivers/usb/gadget/legacy/g_imi_usb.o
                0x000000008000014c                _dev_USB_init
 ._INIT_DEV     0x0000000080000150        0x4 output/boards/2280_ddr/board_2280.o
                0x0000000080000150                _dev_board_init
 *(._INIT_LATE)
 *(._INIT_END)
 ._INIT_END     0x0000000080000154        0x4 output/main/driver_init.o
                0x0000000080000154                func_end
 *(.text*)
 .text          0x0000000080000158        0x0 output/rtos/croutine.o
 .text          0x0000000080000158      0xa18 output/rtos/event_groups.o
                0x0000000080000158                xEventGroupCreate
                0x00000000800001a8                xEventGroupSync
                0x00000000800003bc                xEventGroupWaitBits
                0x0000000080000638                xEventGroupClearBits
                0x00000000800006dc                xEventGroupClearBitsFromISR
                0x000000008000071c                xEventGroupGetBitsFromISR
                0x000000008000075c                xEventGroupSetBits
                0x0000000080000938                vEventGroupDelete
                0x00000000800009d4                vEventGroupSetBitsCallback
                0x0000000080000a00                vEventGroupClearBitsCallback
                0x0000000080000aac                xEventGroupSetBitsFromISR
                0x0000000080000af0                uxEventGroupGetNumber
                0x0000000080000b40                vEventGroupSetNumber
 .text          0x0000000080000b70      0x294 output/rtos/list.o
                0x0000000080000b70                vListInitialise
                0x0000000080000bd8                vListInitialiseItem
                0x0000000080000c04                vListInsertEnd
                0x0000000080000c8c                vListInsert
                0x0000000080000d64                uxListRemove
 .text          0x0000000080000e04      0x478 output/rtos/portable/GCC/port.o
                0x0000000080000e04                pxPortInitialiseStack
                0x0000000080001044                vPortYieldProcessor
                0x00000000800010f4                vPortStartFirstTask
                0x0000000080001154                xPortStartScheduler
                0x0000000080001170                vPortEndScheduler
                0x000000008000119c                vPortEnterCritical
                0x00000000800011f8                vPortExitCritical
 .text          0x000000008000127c      0x82c output/rtos/portable/MemMang/heap_4.o
                0x000000008000127c                pvPortMalloc
                0x000000008000151c                vPortFree
                0x000000008000165c                xPortGetFreeHeapSize
                0x0000000080001680                xPortGetMinimumEverFreeHeapSize
                0x00000000800016a4                vPortInitialiseBlocks
                0x0000000080001964                vPortGetHeapStats
 .text          0x0000000080001aa8     0x1ee8 output/rtos/queue.o
                0x0000000080001aa8                xQueueGenericReset
                0x0000000080001bec                xQueueGenericCreate
                0x0000000080001d84                xQueueCreateMutex
                0x0000000080001dd8                xQueueGiveMutexRecursive
                0x0000000080001e8c                xQueueTakeMutexRecursive
                0x0000000080001f48                xQueueGenericSend
                0x0000000080002218                xQueueGenericSendFromISR
                0x00000000800023d0                xQueueGiveFromISR
                0x0000000080002558                xQueueReceive
                0x00000000800027e0                imi_IsQueueEmpty
                0x000000008000281c                xQueueSemaphoreTake
                0x0000000080002b1c                xQueuePeek
                0x0000000080002dac                xQueueReceiveFromISR
                0x0000000080002f14                xQueuePeekFromISR
                0x0000000080003020                uxQueueMessagesWaiting
                0x000000008000307c                uxQueueSpacesAvailable
                0x00000000800030ec                uxQueueMessagesWaitingFromISR
                0x0000000080003148                vQueueDelete
                0x00000000800031a4                uxQueueGetQueueNumber
                0x00000000800031cc                vQueueSetQueueNumber
                0x00000000800031fc                ucQueueGetQueueType
                0x00000000800035f8                xQueueIsQueueEmptyFromISR
                0x00000000800036c0                xQueueIsQueueFullFromISR
                0x000000008000373c                vQueueAddToRegistry
                0x00000000800037c8                pcQueueGetName
                0x0000000080003850                vQueueUnregisterQueue
                0x00000000800038e4                vQueueWaitForMessageRestricted
 .text          0x0000000080003990     0x142c output/rtos/stream_buffer.o
                0x0000000080003990                xStreamBufferGenericCreate
                0x0000000080003a98                vStreamBufferDelete
                0x0000000080003b14                xStreamBufferReset
                0x0000000080003be4                xStreamBufferSetTriggerLevel
                0x0000000080003c80                xStreamBufferSpacesAvailable
                0x0000000080003d30                xStreamBufferBytesAvailable
                0x0000000080003d8c                xStreamBufferSend
                0x0000000080003fb4                xStreamBufferSendFromISR
                0x00000000800041d0                xStreamBufferReceive
                0x00000000800043ac                xStreamBufferNextMessageLengthBytes
                0x0000000080004490                xStreamBufferReceiveFromISR
                0x0000000080004680                xStreamBufferIsEmpty
                0x0000000080004700                xStreamBufferIsFull
                0x00000000800047a4                xStreamBufferSendCompletedFromISR
                0x0000000080004850                xStreamBufferReceiveCompletedFromISR
                0x0000000080004d34                uxStreamBufferGetStreamBufferNumber
                0x0000000080004d5c                vStreamBufferSetStreamBufferNumber
                0x0000000080004d8c                ucStreamBufferGetStreamBufferType
 .text          0x0000000080004dbc     0x3bc8 output/rtos/tasks.o
                0x0000000080004dbc                xTaskCreate
                0x0000000080005210                vTaskDelete
                0x0000000080005368                vTaskDelayUntil
                0x00000000800054dc                vTaskDelay
                0x0000000080005564                eTaskGetState
                0x00000000800056c4                uxTaskPriorityGet
                0x000000008000571c                uxTaskPriorityGetFromISR
                0x0000000080005778                vTaskPrioritySet
                0x0000000080005994                vTaskSuspend
                0x0000000080005b90                vTaskResume
                0x0000000080005cac                xTaskResumeFromISR
                0x0000000080005dec                vTaskStartScheduler
                0x0000000080005ee4                vTaskEndScheduler
                0x0000000080005f1c                vTaskSuspendAll
                0x0000000080005f4c                xTaskResumeAll
                0x0000000080006148                xTaskGetTickCount
                0x0000000080006178                xTaskGetTickCountFromISR
                0x00000000800061b0                uxTaskGetNumberOfTasks
                0x00000000800061d4                pcTaskGetName
                0x0000000080006244                uxTaskGetSystemState
                0x0000000080006444                xTaskCatchUpTicks
                0x00000000800064c4                xTaskIncrementTick
                0x000000008000674c                vTaskSwitchContext
                0x0000000080006938                vTaskPlaceOnEventList
                0x00000000800069a8                vTaskPlaceOnUnorderedEventList
                0x0000000080006a58                vTaskPlaceOnEventListRestricted
                0x0000000080006ae0                xTaskRemoveFromEventList
                0x0000000080006c30                vTaskRemoveFromUnorderedEventList
                0x0000000080006d68                vTaskSetTimeOutState
                0x0000000080006dd8                vTaskInternalSetTimeOutState
                0x0000000080006e20                xTaskCheckForTimeOut
                0x0000000080006f64                vTaskMissedYield
                0x0000000080006f8c                uxTaskGetTaskNumber
                0x0000000080006fdc                vTaskSetTaskNumber
                0x00000000800071a0                vTaskGetInfo
                0x0000000080007560                xTaskGetCurrentTaskHandle
                0x0000000080007590                xTaskGetSchedulerState
                0x00000000800075f8                xTaskPriorityInherit
                0x000000008000777c                xTaskPriorityDisinherit
                0x00000000800078ec                vTaskPriorityDisinheritAfterTimeout
                0x0000000080007b34                vTaskList
                0x0000000080007cb8                vTaskGetRunTimeStats
                0x0000000080007e94                uxTaskResetEventItemValue
                0x0000000080007ee4                pvTaskIncrementMutexHeldCount
                0x0000000080007f2c                ulTaskNotifyTake
                0x0000000080008004                xTaskNotifyWait
                0x000000008000811c                xTaskGenericNotify
                0x0000000080008348                xTaskGenericNotifyFromISR
                0x00000000800085c8                vTaskNotifyGiveFromISR
                0x0000000080008768                xTaskNotifyStateClear
                0x00000000800087e8                ulTaskNotifyValueClear
 .text          0x0000000080008984     0x109c output/rtos/timers.o
                0x0000000080008984                xTimerCreateTimerTask10
                0x000000008000899c                xTimerCreateTimerTask
                0x0000000080008a44                xTimerCreate
                0x0000000080008b7c                xTimerGenericCommand
                0x0000000080008c7c                xTimerGetTimerDaemonTaskHandle
                0x0000000080008cc4                xTimerGetPeriod
                0x0000000080008d18                vTimerSetReloadMode
                0x0000000080008db0                uxTimerGetReloadMode
                0x0000000080008e2c                xTimerGetExpiryTime
                0x0000000080008e88                pcTimerGetName
                0x000000008000977c                xTimerIsTimerActive
                0x00000000800097fc                pvTimerGetTimerID
                0x0000000080009860                vTimerSetTimerID
                0x00000000800098c4                xTimerPendFunctionCallFromISR
                0x0000000080009930                xTimerPendFunctionCall
                0x00000000800099c8                uxTimerGetTimerNumber
                0x00000000800099f0                vTimerSetTimerNumber
 .text          0x0000000080009a20       0x54 output/main/driver_init.o
                0x0000000080009a20                InitCalls
 .text          0x0000000080009a74      0x35c output/main/uart_task.o
                0x0000000080009a74                uart_fifo_is_empty
                0x0000000080009a9c                uart_fifo_is_error
                0x0000000080009af0                uart_get_char
                0x0000000080009b7c                uart_irq_handle
                0x0000000080009cdc                uart_task
 .text          0x0000000080009dd0      0x124 output/main/main.o
                0x0000000080009dd0                vApplicationStackOverflowHook
                0x0000000080009e00                InitSysCtrl
                0x0000000080009e14                xl_test
                0x0000000080009e58                main
 .text          0x0000000080009ef4     0x119c output/app/dpu/dpu_hal.o
                0x000000008000a074                dpu_parameter_parse
                0x000000008000a3c4                dpu_hal_vcsel_para
                0x000000008000a548                dpu_hal_irrx_para
                0x000000008000a860                dpu_hal_buffer_dequeue
                0x000000008000ab94                dpu_hal_buffer_dispatch
                0x000000008000acb8                dpu_op_cmd_parse
 .text          0x000000008000b090      0xd04 output/app/dpu/dputask.o
                0x000000008000b158                depth_frame_dispatch
                0x000000008000b184                ir_frame_dispatch
                0x000000008000b1a0                dpu_tick_generator
                0x000000008000b1bc                dpu_depth_isr_cb
                0x000000008000b20c                dpu_ir_isr_cb
                0x000000008000b25c                dpu_hw_init
                0x000000008000b7f0                dpu_start_sw_trigger
                0x000000008000b80c                dputask
                0x000000008000bb00                usbtask
                0x000000008000bc0c                idletask
                0x000000008000bcc8                imi_task_init
 .text          0x000000008000bd94      0x96c output/app/dpu/msg_module.o
                0x000000008000bf3c                imi_send_event
                0x000000008000c064                imi_send_event_isr
                0x000000008000c200                imi_send_buffer
                0x000000008000c340                module_buffer_init
                0x000000008000c3d8                module_push_buffer
                0x000000008000c598                module_pop_buffer
                0x000000008000c6e4                msg_module_init
 .text          0x000000008000c700     0x1754 output/app/imi_app/subsystem/usb/vendor_usb.o
                0x000000008000d268                vendor_usb_process_ep_in_cmd
                0x000000008000d54c                vendor_usb_reset_streams
 .text          0x000000008000de54      0x6d0 output/app/imi_app/subsystem/vendor_sub_system.o
                0x000000008000df08                sub_system_stream_ctl
                0x000000008000dfa8                sub_system_process_events
                0x000000008000e054                sub_system_deinit
                0x000000008000e110                sub_system_handshake
                0x000000008000e228                sub_system_register_callback
                0x000000008000e300                sub_system_handle_payment
                0x000000008000e400                sub_system_init
 .text          0x000000008000e524      0x650 output/app/imi_app/vendor/cmd_hal.o
                0x000000008000ea28                imi_cmd_hal_init
                0x000000008000eb38                imi_cmd_hal_deinit
 .text          0x000000008000eb74     0x27e4 output/app/imi_app/vendor/vendor_device.o
                0x000000008000f778                vendor_device_handle_stream_ctl
                0x000000008000fccc                vendor_device_stream_tsk
                0x00000000800111e0                imi_vendor_device_init
                0x0000000080011310                imi_vendor_device_deinit
 .text          0x0000000080011358     0x24e8 output/app/imi_app/vendor/vendor_misc.o
                0x000000008001367c                vendor_misc_handle_cmd
                0x0000000080013750                vendor_misc_calculate_crc16
                0x00000000800137ec                vendor_misc_init
                0x0000000080013828                vendor_misc_deinit
 .text          0x0000000080013840      0xa18 output/drivers/base/imi_dev.o
                0x00000000800139f8                imi_register_dev
                0x0000000080013aa4                imi_deregister_dev
                0x0000000080013af8                imi_open
                0x0000000080013c14                imi_close
                0x0000000080013c74                imi_ioctl
                0x0000000080013cf0                imi_read
                0x0000000080013d6c                imi_write
                0x0000000080013f28                imi_poll
                0x0000000080013fe8                imi_add_to_wait
                0x0000000080014024                imi_prepare_to_wait
                0x000000008001408c                imi_wait_evt
                0x00000000800140c0                imi_finish_wait
                0x0000000080014114                imi_wakeup_all
                0x00000000800141c4                imi_wakeup_one
 .text          0x0000000080014258      0x338 output/drivers/base/imi_work.o
                0x0000000080014340                schedule_work
                0x00000000800143a0                init_work
 .text          0x0000000080014590     0x10d4 output/drivers/buf_man/imi_bm.o
                0x0000000080014738                bm_buf_get
                0x0000000080014a18                bm_buf_addusers
                0x0000000080014b44                bm_buf_put
                0x0000000080014cf4                bm_bufpool_info_dump
                0x0000000080015074                bm_bufpool_init
                0x00000000800153a0                bm_bufman_init
 .text          0x0000000080015664        0x0 output/drivers/clock/clock.o
 .text          0x0000000080015664        0x0 output/drivers/clock/clock_1680.o
 .text          0x0000000080015664      0x11c output/drivers/clock/clock_2280.o
                0x0000000080015664                imi_2280_clk_default
                0x00000000800156f8                clock_set
                0x0000000080015718                clock_enable
                0x000000008001573c                clock_module_set
                0x0000000080015768                clock_dev_init
 .text          0x0000000080015780      0x5a8 output/drivers/compat/linux_compat.o
                0x0000000080015780                msecs_to_jiffies
                0x00000000800157c8                msleep
                0x0000000080015810                local_irq_save
                0x0000000080015844                local_irq_restore
                0x000000008001586c                FRTOS_completion_init
                0x0000000080015888                FRTOS_completion_reinit
                0x00000000800158c0                FRTOS_complete
                0x00000000800158e4                FRTOS_completion_wait
                0x0000000080015914                FRTOS_mutex_create
                0x0000000080015944                FRTOS_mutex_free
                0x0000000080015980                FRTOS_mutex_lock
                0x00000000800159c4                FRTOS_mutex_unlock
                0x00000000800159f4                FRTOS_sem_create
                0x0000000080015a80                FRTOS_sem_wait
                0x0000000080015af8                FRTOS_sem_signal
                0x0000000080015b28                FRTOS_sem_signal_from_isr
                0x0000000080015b78                FRTOS_sem_free
                0x0000000080015b9c                ffs
                0x0000000080015ca8                mutex_lock
                0x0000000080015cd4                mutex_unlock
                0x0000000080015d00                mutex_init
 .text          0x0000000080015d28        0x0 output/drivers/cpu/cpu.o
 .text          0x0000000080015d28     0x170c output/drivers/csi_rx/csi_rx_2280.o
                0x0000000080015ea4                imi_csi_calc_freq
                0x0000000080015f30                imi_get_csi
                0x00000000800169c0                imi_csi2_start
                0x0000000080016a08                imi_csi2_stop
                0x0000000080016a64                imi_csi2_start_reset
                0x0000000080016ac8                imi_csi2_dhpy_reset
                0x0000000080016c18                imi_csi2_dhpy_calib_check
                0x00000000800171f8                csi_dev_init
                0x00000000800173f4                csi2_remove
 .text          0x0000000080017434      0x810 output/drivers/csi_rx/vidomain_2280.o
                0x0000000080017984                imi_request_vi_domain
                0x0000000080017a6c                imi_release_vi_domain
                0x0000000080017b1c                vi_domain_probe
                0x0000000080017b90                vi_domain_set_resolution
                0x0000000080017bb4                init_mipi_itf_ir
 .text          0x0000000080017c44      0x228 output/drivers/delay/delay.o
                0x0000000080017c78                delayus
                0x0000000080017d44                delayms
                0x0000000080017d98                imi_delay
                0x0000000080017de0                udelay
                0x0000000080017e18                mdelay
 .text          0x0000000080017e6c      0xa3c output/drivers/dma/dmaengine.o
                0x0000000080018098                dma_sync_wait
                0x0000000080018144                dma_issue_pending_all
                0x00000000800181e8                dma_get_slave_caps
                0x0000000080018310                dma_get_slave_channel
                0x00000000800183bc                dma_request_chan
                0x00000000800184b8                dma_release_channel
                0x0000000080018580                dma_async_device_register
                0x000000008001879c                dma_async_tx_descriptor_init
                0x00000000800187cc                dma_wait_for_async_tx
                0x0000000080018880                dma_engine_probe
 .text          0x00000000800188a8     0x5e64 output/drivers/dma/pl330.o
 .text          0x000000008001e70c      0x584 output/drivers/dpu_2280/debug.o
                0x000000008001e70c                dump_dpu_setting
 .text          0x000000008001ec90      0x86c output/drivers/dpu_2280/dpu.o
                0x000000008001ed7c                dpu_register
                0x000000008001ee08                dpu_get_handle
                0x000000008001ef40                dpu_power
                0x000000008001efa0                dpu_reset
                0x000000008001eff8                dpu_update_dma_buf
                0x000000008001f064                dpu_update_dma_size
                0x000000008001f0d0                dpu_get_dma_buf
                0x000000008001f13c                dpu_dma_enable
                0x000000008001f1a0                dpu_register_isr_cb
                0x000000008001f204                dpu_set_reg
                0x000000008001f268                dpu_get_reg
                0x000000008001f2cc                dpu_set_para
                0x000000008001f330                dpu_get_para
                0x000000008001f394                dpu_register_depth
                0x000000008001f49c                dpu_sys_init
 .text          0x000000008001f4fc     0x2220 output/drivers/dpu_2280/dpu_dev.o
                0x000000008001f554                write32_log1
                0x000000008001f5cc                read32_log1
                0x000000008001fd4c                fpp0_onoff
                0x000000008001fdb8                fpp0_config
                0x000000008001fe4c                depth_irq_process
                0x0000000080020048                UVC_DEP_IRQHandler
                0x0000000080020118                ir_irq_process
                0x00000000800202fc                UVC_IR_IRQHandler
                0x0000000080020474                TRIGGER_0_IRQHandler
                0x0000000080021558                dpu_2280_probe
 .text          0x000000008002171c      0x6e8 output/drivers/gpio/gpio.o
                0x000000008002171c                gpio_handler1
                0x0000000080021744                gpio_module_init
                0x000000008002175c                gpad_request_one
                0x0000000080021780                gpio_request_one
                0x00000000800217ac                gpio_set_debounce
                0x00000000800217d0                gpio_set_value
                0x00000000800218ec                gpio_get_value
                0x00000000800219f0                gpio_direction_output
                0x0000000080021b0c                gpio_direction_input
                0x0000000080021c0c                gpio_get_direction
                0x0000000080021d10                gpio_irq_set_type
                0x0000000080021d38                gpio_irq_mask
                0x0000000080021d58                gpio_irq_unmask
                0x0000000080021d78                gpio_request_irq
                0x0000000080021da8                gpio_print_irq_statistics
                0x0000000080021dc0                gpio_device_init
                0x0000000080021de0                gpio_is_valid
 .text          0x0000000080021e04      0x86c output/drivers/i2c/i2c-designware-common.o
                0x0000000080021e78                dw_readl
                0x0000000080021f68                dw_writel
                0x0000000080022054                i2c_dw_scl_hcnt
                0x00000000800220f4                i2c_dw_scl_lcnt
                0x0000000080022158                __i2c_dw_enable
                0x0000000080022190                __i2c_dw_enable_and_wait
                0x000000008002226c                i2c_dw_clk_rate
                0x0000000080022334                i2c_dw_acquire_lock
                0x00000000800223a4                i2c_dw_release_lock
                0x00000000800223e0                i2c_dw_wait_bus_not_busy
                0x0000000080022488                i2c_dw_handle_tx_abort
                0x0000000080022598                i2c_dw_func
                0x00000000800225d4                i2c_dw_disable
                0x0000000080022618                i2c_dw_disable_int
                0x0000000080022644                i2c_dw_read_comp_param
 .text          0x0000000080022670      0x128 output/drivers/i2c/i2c-designware-dma.o
                0x0000000080022670                i2c_dw_dma_en
 .text          0x0000000080022798     0x1544 output/drivers/i2c/i2c-designware-master.o
                0x0000000080023b58                i2c_dw_probe
 .text          0x0000000080023cdc      0x828 output/drivers/i2c/i2c-designware-platdrv.o
                0x0000000080023f9c                dw_i2c_plat_probe
                0x000000008002438c                dw_i2c_plat_remove
                0x00000000800243ec                imi_2280_i2c_controller_init
 .text          0x0000000080024504      0xbe4 output/drivers/i2c/i2c-designware-slave.o
                0x0000000080024f68                i2c_dw_probe_slave
 .text          0x00000000800250e8        0x0 output/drivers/i2c/i2c_plat.o
 .text          0x00000000800250e8      0xf94 output/drivers/i2c/i2c_core.o
                0x0000000080025430                i2c_check_7bit_addr_validity_strict
                0x00000000800255cc                i2c_new_device
                0x0000000080025784                i2c_unregister_device
                0x0000000080025874                i2c_add_adapter
                0x00000000800258fc                i2c_add_numbered_adapter
                0x0000000080025948                i2c_del_adapter
                0x0000000080025bb4                i2c_transfer
                0x0000000080025c24                i2c_master_send
                0x0000000080025cc0                i2c_master_recv
                0x0000000080025d70                i2c_get_adapter
                0x0000000080025e44                i2c_slave_register
                0x0000000080025f98                i2c_slave_unregister
                0x0000000080026060                i2c_probe
 .text          0x000000008002607c      0x6d4 output/drivers/ipc/imi_ipc.o
                0x000000008002607c                imi_ring_buf_init
                0x0000000080026128                imi_ring_buf_deinit
                0x0000000080026148                imi_ring_buf_reset
                0x00000000800261ac                imi_ring_buf_count
                0x0000000080026250                imi_ring_buf_is_empty
                0x00000000800262bc                imi_ring_buf_is_full
                0x000000008002633c                imi_ring_buf_write
                0x00000000800264b0                imi_ring_buf_read
                0x00000000800266a0                imi_ipc_init
                0x0000000080026730                imi_ipc_dump_msg
 .text          0x0000000080026750      0x128 output/drivers/irq/chip.o
                0x0000000080026750                ddr_init
                0x00000000800267b4                ddr_init_fpga
                0x000000008002682c                vector_addr_init
 .text          0x0000000080026878      0x6f0 output/drivers/irq/vic_int.o
                0x0000000080026878                irq_to_desc
                0x00000000800268c0                vic_unmask_irq
                0x00000000800268fc                vic_mask_irq
                0x0000000080026938                vic_ack_irq
                0x000000008002698c                vic_disable
                0x0000000080026a10                irq_enable
                0x0000000080026a48                setup_irq
                0x0000000080026b30                request_irq
                0x0000000080026c90                handle_one_vic
                0x0000000080026dc8                vic_print_irq_statistics
                0x0000000080026e84                vic_handle_irq
                0x0000000080026f00                vic_init
 .text          0x0000000080026f68      0x160 output/drivers/irq/interrupt.o
                0x0000000080026f68                do_undefined_instruction
                0x0000000080026f80                do_software_interrupt
                0x0000000080026f98                do_prefetch_abort
                0x0000000080026fb0                do_data_abort
                0x0000000080026fc8                do_not_used
                0x0000000080026fe0                do_irq
                0x00000000800270a8                do_fiq
 .text          0x00000000800270c8      0xb6c output/drivers/irrx/irrx.o
                0x00000000800271b4                irrx_power
                0x0000000080027258                irrx_reset
                0x00000000800272b0                irrx_init
                0x0000000080027314                irrx_set_reg
                0x0000000080027378                irrx_get_reg
                0x00000000800273dc                irrx_set_window
                0x000000008002749c                irrx_set_timing
                0x00000000800274fc                irrx_set_mirrorflip
                0x000000008002755c                irrx_set_ag
                0x00000000800275bc                irrx_set_dg
                0x000000008002761c                irrx_set_exp
                0x000000008002767c                irrx_set_hts
                0x00000000800276dc                irrx_set_vts
                0x000000008002773c                irrx_get_timing
                0x000000008002779c                irrx_get_id
                0x00000000800277fc                irrx_get_maxwin
                0x00000000800278f0                irrx_set_stream
                0x0000000080027950                irrx_set_dbg
                0x00000000800279b0                irrx_register
                0x0000000080027a3c                irrx_get_handle
                0x0000000080027b78                dpu_register_irrx
                0x0000000080027bd0                irrx_sys_init
 .text          0x0000000080027c34     0x15c4 output/drivers/irrx/ov928x.o
                0x00000000800282b0                get_chip_id
                0x00000000800283c0                ov928x_get_sensor_info
                0x0000000080028534                ov928x_power_off
                0x000000008002907c                ov928x_probe
 .text          0x00000000800291f8      0x428 output/drivers/mailbox/imi_mailbox.o
                0x00000000800291f8                imi1680_a2b_enable
                0x0000000080029278                imi1680_a2b_clear
                0x00000000800292f8                imi1680_a2b_status
                0x0000000080029384                imi1680_a2b_trigger
                0x000000008002940c                imi1680_b2a_enable
                0x000000008002948c                imi1680_b2a_clear
                0x000000008002950c                imi1680_b2a_status
                0x0000000080029598                imi1680_b2a_trigger
 .text          0x0000000080029620      0x304 output/drivers/mailbox/mailbox.o
                0x00000000800297f4                mailbox_a2b00_handler
                0x000000008002985c                mailbox_b2a00_handler
                0x00000000800298c4                mailbox_init
                0x0000000080029904                mailbox_dev_init
 .text          0x0000000080029924      0x20c output/drivers/pinmux/pinmux.o
                0x0000000080029924                pinmux_set_mode
                0x0000000080029a2c                pinmux_get_mode
                0x0000000080029ab4                pinmux_default
 .text          0x0000000080029b30        0x0 output/drivers/qspi/nand/spi_bbm.o
 .text          0x0000000080029b30     0x16a0 output/drivers/qspi/nand/spi_nand.o
                0x0000000080029b30                res_get_nand_info
                0x0000000080029c8c                spi_nand_set_feature
                0x0000000080029e50                spi_nand_reset
                0x000000008002a064                spi_nand_erase_process
                0x000000008002a288                spi_nand_read_process
                0x000000008002a37c                spi_nand_write_to_cache
                0x000000008002a490                spi_nand_write_process
                0x000000008002a60c                spi_nand_read_data
                0x000000008002a77c                spi_nand_write_data
                0x000000008002aa78                nand_flash_read
                0x000000008002aaec                nand_flash_write
                0x000000008002ab88                nand_flash_erase
                0x000000008002ac1c                nand_flash_rawread
                0x000000008002ac94                nand_flash_rawwrite
                0x000000008002ad34                nand_flash_rawerase
                0x000000008002adbc                spi_nand_flash_read_oob
                0x000000008002b10c                nand_init
 .text          0x000000008002b1d0     0x13c4 output/drivers/qspi/nor/spi_nor.o
                0x000000008002b1d0                res_get_nor_info
                0x000000008002b31c                spi_nor_read_sr2
                0x000000008002b35c                spi_nor_write_s1_s2
                0x000000008002b3b8                spi_nor_write_s1
                0x000000008002b400                spi_nor_write_s2
                0x000000008002b448                spi_nor_set_feature
                0x000000008002b4c8                spi_nor_global_unlock
                0x000000008002b538                spi_nor_write_volatile_sr_enable
                0x000000008002b570                spi_nor_sector_erase
                0x000000008002b5d8                spi_nor_block_erase
                0x000000008002b640                spi_nor_reset
                0x000000008002b794                spi_nor_erase_process
                0x000000008002b9b8                spi_nor_read_process
                0x000000008002ba40                spi_nor_write_to_flash
                0x000000008002bb64                spi_nor_write_process
                0x000000008002bbfc                spi_nor_read_data
                0x000000008002bd24                spi_nor_write_data
                0x000000008002bfe8                nor_flash_read
                0x000000008002c05c                nor_flash_write
                0x000000008002c0d0                nor_flash_erase
                0x000000008002c13c                nor_flash_rawread
                0x000000008002c1d0                nor_flash_rawwrite
                0x000000008002c264                nor_flash_rawerase
                0x000000008002c4d4                nor_init
 .text          0x000000008002c594      0x7dc output/drivers/qspi/nor_test.o
                0x000000008002c594                print_nor_int
                0x000000008002c620                print_buf_32
                0x000000008002c7d8                test_nor_data
                0x000000008002c9ac                print_nor_byte
                0x000000008002ca3c                test_nor_byte
                0x000000008002cc00                set_nor_max_clk
                0x000000008002cd14                nor_test
 .text          0x000000008002cd70      0x6c8 output/drivers/qspi/nand_test.o
                0x000000008002cd70                print_nand_int
                0x000000008002cdfc                print_nand_char
                0x000000008002cea4                test_nand_data
                0x000000008002d050                print_nand_byte
                0x000000008002d0e0                test_nand_byte
                0x000000008002d2d8                find_nand_clk_delay
                0x000000008002d3e4                nand_test
 .text          0x000000008002d438     0x1ddc output/drivers/qspi/candence_qspi.o
                0x000000008002d90c                candence_qspi_cs_open
                0x000000008002d948                candence_qspi_cs_close
                0x000000008002dc94                cadence_qspi_controller_init
                0x000000008002de28                candence_qspi_controller_setup
                0x000000008002dfb0                cadence_qspi_indirect_read_setup
                0x000000008002e124                cqspi_dma_tx_callback
                0x000000008002e478                cadence_qspi_indirect_read_execute
                0x000000008002e774                cadence_qspi_indirect_write_setup
                0x000000008002e8e0                cadence_qspi_indirect_write_execute
                0x000000008002ebf8                cadence_qspi_command_read
                0x000000008002ee34                cadence_qspi_command_write
                0x000000008002f054                candence_clk_delay_config
                0x000000008002f0dc                cadence_qspi_setup_dma
 .text          0x000000008002f214        0x0 output/drivers/reset/reset_imi1680.o
 .text          0x000000008002f214      0x328 output/drivers/reset/reset_imi2280.o
                0x000000008002f448                imi2280_reset_probe
 .text          0x000000008002f53c      0x7d4 output/drivers/reset/reset.o
                0x000000008002f6b8                reset_controller_register
                0x000000008002f714                reset_controller_unregister
                0x000000008002f754                reset_control_reset
                0x000000008002f830                reset_control_assert
                0x000000008002f908                reset_control_deassert
                0x000000008002f9c8                reset_control_status
                0x000000008002faa0                reset_control_get
                0x000000008002fcf4                reset_probe
 .text          0x000000008002fd10      0x3ac output/drivers/rvl/rvl.o
                0x000000008002fd10                rvl_handler
                0x000000008002fdb4                imi_rvl_out_data
                0x000000008002fe94                imi_dpu_rvl_out_data
                0x000000008002ff60                imi_rvl
                0x0000000080030004                imi_dpu_rvl
                0x00000000800300a0                rvl_dev_init
 .text          0x00000000800300bc      0x40c output/drivers/soc/cache-cp15.o
                0x0000000080030410                icache_enable
                0x0000000080030428                icache_disable
                0x0000000080030440                icache_status
                0x000000008003046c                dcache_enable
                0x0000000080030484                dcache_disable
                0x000000008003049c                dcache_status
 .text          0x00000000800304c8       0x8c output/drivers/soc/dma_buf.o
                0x00000000800304c8                dma_buf_alloc
 .text          0x0000000080030554        0x0 output/drivers/ssp/imi_spi.o
 .text          0x0000000080030554        0x0 output/drivers/timers/timer_imi1680.o
 *fill*         0x0000000080030554        0x4 
 .text          0x0000000080030558      0x734 output/drivers/timers/timer_imi2280.o
                0x0000000080030558                ConfigureTimeForRunTimeStats
                0x0000000080030784                imi_timer_en
                0x000000008003089c                imi_timer_int_clr
                0x0000000080030970                imi_timer_disable
                0x00000000800309ac                timer_2280_get_timer32_val
                0x00000000800309e0                timer_2280_get_timer64_val
                0x0000000080030a90                imi_timer_get_val
                0x0000000080030b20                timer_init
                0x0000000080030bac                ConfigSysTime
                0x0000000080030be0                imi_get_cur_time
 .text          0x0000000080030c8c      0x8e4 output/drivers/trigger/sensor_sync_2280.o
                0x0000000080031440                ss_2280_probe
 .text          0x0000000080031570        0x0 output/drivers/trigger/soft_timer.o
 .text          0x0000000080031570      0x704 output/drivers/trigger/trigger.o
                0x000000008003165c                trigger_register
                0x00000000800316e8                trigger_get_handle
                0x0000000080031820                trigger_power
                0x0000000080031880                trigger_reset
                0x00000000800318d8                trigger_enable
                0x000000008003193c                trigger_init
                0x000000008003199c                trigger_config
                0x0000000080031a08                trigger_valid_sync
                0x0000000080031a6c                trigger_mode_set
                0x0000000080031ad0                trigger_timer_sync
                0x0000000080031b34                dpu_register_trigger
                0x0000000080031c14                trigger_sys_init
 .text          0x0000000080031c74      0x414 output/drivers/uart/uart.o
                0x0000000080031c74                _sys_exit
                0x0000000080031c94                uart_init
                0x0000000080031da8                uart1_init
                0x0000000080031f0c                uart_putc
                0x0000000080031f4c                uart_getc
                0x0000000080031fc4                uart_tstc
                0x0000000080031ffc                uart_puts
                0x000000008003204c                uart_delay
 .text          0x0000000080032088     0x623c output/drivers/usb/gadget/composite.o
                0x00000000800327f4                utf8_to_utf32
                0x00000000800329d4                utf8s_to_utf16s
                0x0000000080033098                config_ep_by_speed
                0x0000000080033444                usb_add_function
                0x000000008003363c                usb_remove_function
                0x00000000800336e4                usb_function_deactivate
                0x0000000080033770                usb_function_activate
                0x0000000080033854                usb_interface_id
                0x0000000080034844                usb_add_config_only
                0x0000000080034958                usb_add_config
                0x0000000080034b60                usb_remove_config
                0x0000000080035254                usb_string_id
                0x00000000800352ac                usb_string_ids_tab
                0x00000000800355bc                usb_gstrings_attach
                0x000000008003578c                usb_string_ids_n
                0x000000008003608c                composite_setup
                0x00000000800373a0                composite_disconnect
                0x0000000080037788                composite_dev_prepare
                0x00000000800378a4                composite_os_desc_req_prepare
                0x0000000080037970                composite_dev_cleanup
                0x0000000080037c38                composite_suspend
                0x0000000080037d38                composite_resume
                0x0000000080037e60                usb_composite_register
                0x0000000080037f8c                usb_composite_setup_continue
                0x00000000800380b8                usb_composite_overwrite_options
 .text          0x00000000800382c4      0x614 output/drivers/usb/gadget/config.o
                0x0000000080038404                usb_descriptor_fillbuf
                0x00000000800384cc                usb_gadget_config_buf
                0x00000000800385e4                usb_copy_descriptors
                0x000000008003877c                usb_assign_descriptors
 .text          0x00000000800388d8     0x1468 output/drivers/usb/gadget/core.o
                0x0000000080038b34                usb_ep_set_maxpacket_limit
                0x0000000080038b80                usb_ep_enable
                0x0000000080038c04                usb_ep_disable
                0x0000000080038c84                usb_ep_alloc_request
                0x0000000080038ccc                usb_ep_free_request
                0x0000000080038d04                usb_ep_queue
                0x0000000080038e0c                usb_ep_dequeue
                0x0000000080038e4c                usb_ep_set_halt
                0x0000000080038e88                usb_ep_clear_halt
                0x0000000080038ec4                usb_ep_set_wedge
                0x0000000080038f30                usb_ep_fifo_status
                0x0000000080038f88                usb_ep_fifo_flush
                0x0000000080038fcc                usb_gadget_frame_number
                0x0000000080039004                usb_gadget_wakeup
                0x0000000080039064                usb_gadget_set_selfpowered
                0x00000000800390c8                usb_gadget_clear_selfpowered
                0x000000008003912c                usb_gadget_vbus_connect
                0x0000000080039190                usb_gadget_vbus_draw
                0x0000000080039218                usb_gadget_vbus_disconnect
                0x000000008003927c                usb_gadget_connect
                0x0000000080039330                usb_gadget_disconnect
                0x00000000800393e4                usb_gadget_deactivate
                0x0000000080039484                usb_gadget_activate
                0x0000000080039508                usb_gadget_map_request
                0x0000000080039560                usb_gadget_unmap_request
                0x0000000080039590                usb_gadget_giveback_request
                0x00000000800395c4                gadget_find_ep_by_name
                0x0000000080039664                usb_gadget_ep_match_desc
                0x00000000800398e8                usb_gadget_set_state
                0x0000000080039968                usb_udc_vbus_handler
                0x00000000800399b8                usb_gadget_udc_reset
                0x0000000080039ab8                usb_add_gadget_udc_release
                0x0000000080039b34                usb_add_gadget_udc
                0x0000000080039c2c                usb_gadget_probe_driver
                0x0000000080039d18                usb_gadget_register_driver
 .text          0x0000000080039d40      0x434 output/drivers/usb/gadget/epautoconf.o
                0x0000000080039d60                usb_ep_autoconfig_ss
                0x000000008003a080                usb_ep_autoconfig
                0x000000008003a0b4                usb_ep_autoconfig_release
                0x000000008003a0e0                usb_ep_autoconfig_reset
 .text          0x000000008003a174     0x18d4 output/drivers/usb/gadget/function/f_imi.o
 .text          0x000000008003ba48      0x814 output/drivers/usb/gadget/function/imi_vendor_cmd.o
                0x000000008003bf88                imi_cmd_dev_setup
                0x000000008003c094                imi_cmd_dev_req_match
                0x000000008003c0e0                imi_cmd_dev_init
                0x000000008003c1e8                imi_cmd_dev_deinit
 .text          0x000000008003c25c     0x13ec output/drivers/usb/gadget/function/u_imi.o
                0x000000008003d004                imi_video_pump
                0x000000008003d214                imi_video_sub_dev_stream_on
                0x000000008003d2e8                imi_video_enable
                0x000000008003d488                imi_alloc_transfer_buf
                0x000000008003d51c                imi_video_init
                0x000000008003d5fc                imi_upload_init
 .text          0x000000008003d648      0x38c output/drivers/usb/gadget/legacy/g_imi_usb.o
                0x000000008003d648                g_imi_usb_set_serialnumber
                0x000000008003d94c                g_imi_usb_register
                0x000000008003d9b4                USB_init
 .text          0x000000008003d9d4      0x48c output/drivers/usb/gadget/usbstring.o
                0x000000008003dc80                usb_gadget_get_string
 .text          0x000000008003de60     0x2238 output/drivers/usb/musb/musb_core.o
                0x000000008003e890                musb_write_fifo
                0x000000008003ea38                musb_read_fifo
                0x000000008003eb9c                musb_load_testpacket
                0x000000008003eef0                musb_start
                0x000000008003f0cc                musb_stop
                0x000000008003faa4                musb_interrupt
                0x000000008003fca4                musb_dma_completion
                0x000000008003fe50                musb_init_controller
 .text          0x0000000080040098     0x2bc8 output/drivers/usb/musb/musb_gadget.o
                0x00000000800405ec                musb_g_giveback
                0x00000000800409c8                musb_g_tx
                0x0000000080040f24                musb_g_rx
                0x0000000080041960                musb_alloc_request
                0x00000000800419ec                musb_free_request
                0x0000000080041a20                musb_ep_restart
                0x0000000080042848                musb_gadget_setup
                0x00000000800428f4                musb_gadget_cleanup
                0x0000000080042914                musb_gadget_start
                0x000000008004299c                musb_g_wakeup
                0x00000000800429cc                musb_g_disconnect
                0x0000000080042ad8                musb_g_reset
 .text          0x0000000080042c60     0x1f7c output/drivers/usb/musb/musb_gadget_ep0.o
                0x0000000080044234                musb_g_ep0_irq
 .text          0x0000000080044bdc      0x8a8 output/drivers/usb/musb/musb_rtos.o
                0x0000000080044bdc                usb_gadget_handle_interrupts
                0x0000000080044c4c                musb_init
 .text          0x0000000080045484      0xd68 output/drivers/usb/musb/musbhsdma.o
                0x00000000800460bc                musbhs_dma_controller_create
 .text          0x00000000800461ec      0x594 output/drivers/vcsel_driver/vcsel.o
                0x00000000800462d8                vcsel_register
                0x0000000080046374                vcsel_get_handle
                0x00000000800464a0                vcsel_power
                0x0000000080046500                vcsel_reset
                0x0000000080046548                vcsel_set_reg
                0x00000000800465ac                vcsel_get_reg
                0x0000000080046610                vcsel_set_current
                0x0000000080046670                vcsel_set_channel
                0x00000000800466d0                dpu_register_vcsel
                0x0000000080046720                vcsel_sys_init
 .text          0x0000000080046780      0x7e0 output/drivers/vcsel_driver/lm36011.o
                0x0000000080046bc8                lm36011_set_current
                0x0000000080046f44                flood_driver_register
 .text          0x0000000080046f60      0xa54 output/drivers/vcsel_driver/lm3644.o
                0x00000000800473ac                lm3644_set_current
                0x0000000080047998                dot_driver_register
 .text          0x00000000800479b4       0x20 output/boards/2280_ddr/start/section.o
                0x00000000800479b4                hang
                0x00000000800479c0                __div0
 .text          0x00000000800479d4      0x1ec output/boards/2280_ddr/board_2280.o
                0x00000000800479d4                get_bootmode
                0x00000000800479f0                get_secboot_flag
                0x0000000080047a0c                flash_read
                0x0000000080047a7c                flash_write
                0x0000000080047aec                flash_erase
                0x0000000080047b48                board_init
 .text          0x0000000080047bc0      0x600 output/tools/FreeRTOS_CLI/FreeRTOS_CLI.o
                0x0000000080047bc0                FreeRTOS_CLIRegisterCommand
                0x0000000080047c88                FreeRTOS_CLIProcessCommand
                0x0000000080047e70                FreeRTOS_CLIGetOutputBuffer
                0x0000000080047e90                FreeRTOS_CLIGetParameter
 .text          0x00000000800481c0      0xa90 output/tools/FreeRTOS_CLI/imi_console.o
                0x0000000080048758                _ar_top
                0x0000000080048b38                parse_cmd
                0x0000000080048be0                imi_CLIRegisterCommand
 .text          0x0000000080048c50      0x13c output/tools/easylogger/port/elog_init.o
                0x0000000080048c50                imi_elog_init
                0x0000000080048cb0                test_elog
 .text          0x0000000080048d8c      0x1fc output/tools/easylogger/port/elog_port.o
                0x0000000080048d8c                elog_port_init
                0x0000000080048db4                elog_port_output
                0x0000000080048ec8                elog_port_output_lock
                0x0000000080048ee0                elog_port_output_unlock
                0x0000000080048ef8                elog_port_get_time
                0x0000000080048f18                elog_port_get_p_info
                0x0000000080048f38                elog_port_get_t_info
                0x0000000080048f58                retstring
 .text          0x0000000080048f88      0x4c8 output/tools/easylogger/src/elog_utils.o
                0x0000000080048f88                elog_strcpy
                0x0000000080049114                elog_cpyln
                0x00000000800492dc                elog_memcpy
 .text          0x0000000080049450     0x2144 output/tools/easylogger/src/elog.o
                0x0000000080049450                elog_init
                0x00000000800494ec                elog_start
                0x0000000080049504                elog_set_output_enabled
                0x00000000800495cc                elog_set_text_color_enabled
                0x0000000080049600                elog_get_text_color_enabled
                0x0000000080049624                elog_get_output_enabled
                0x0000000080049648                elog_set_fmt
                0x000000008004971c                elog_set_filter
                0x00000000800497ec                elog_set_filter_lvl
                0x00000000800498ac                elog_set_filter_tag
                0x00000000800498dc                elog_set_filter_kw
                0x000000008004990c                elog_output_lock
                0x0000000080049950                elog_output_unlock
                0x0000000080049a60                elog_set_filter_tag_lvl
                0x0000000080049e00                elog_get_filter_tag_lvl
                0x0000000080049fa0                elog_raw
                0x000000008004a048                elog_output
                0x000000008004a9e4                elog_output_lock_enabled
                0x000000008004aa70                elog_assert_set_hook
                0x000000008004aaa0                elog_find_lvl
                0x000000008004aee8                elog_find_tag
                0x000000008004b1cc                elog_hexdump
 *fill*         0x000000008004b594        0x4 
 .text          0x000000008004b598     0x2410 output/tools/printf/vsnprintf.o
                0x000000008004b598                utf16_strlen
                0x000000008004b5f0                utf16_strnlen
                0x000000008004b660                utf16_to_utf8
                0x000000008004ba0c                utf8_to_utf16
                0x000000008004bc94                __div64_32
                0x000000008004d8d4                imi_vsnprintf
                0x000000008004d914                snprintf
                0x000000008004d96c                vsprintf
 .text          0x000000008004d9a8      0x240 output/tools/printf/printf.o
                0x000000008004da24                printf
                0x000000008004dac4                imi_printf
                0x000000008004db64                print_cur_time
                0x000000008004dba0                sprintf
 .text          0x000000008004dbe8        0x0 output/tools/stdlib/ctype.o
 .text          0x000000008004dbe8     0x1344 output/tools/stdlib/string.o
                0x000000008004dbe8                memchr
                0x000000008004dc60                memcmp
                0x000000008004dd08                memcpy
                0x000000008004ddf8                memmove
                0x000000008004dea4                memset
                0x000000008004df08                strcat
                0x000000008004df88                strchr
                0x000000008004dff0                strcmp
                0x000000008004e064                strcpy
                0x000000008004e0c4                strlcpy
                0x000000008004e14c                strcspn
                0x000000008004e1f8                strlen
                0x000000008004e24c                strncat
                0x000000008004e304                strncmp
                0x000000008004e398                strncpy
                0x000000008004e410                strpbrk
                0x000000008004e4a8                strrchr
                0x000000008004e520                strspn
                0x000000008004e5e4                strstr
                0x000000008004e690                strtok
                0x000000008004e778                strtok_r
                0x000000008004e8ec                simple_strtoul
                0x000000008004ea3c                strnlen
                0x000000008004eaa8                strtol
                0x000000008004edd4                atoi
 .text          0x000000008004ef2c        0x0 output/boards/2280_ddr/start/lib1funcs.o
 *fill*         0x000000008004ef2c        0x4 
 .text.__udivsi3
                0x000000008004ef30       0xe8 output/boards/2280_ddr/start/lib1funcs.o
                0x000000008004ef30                __aeabi_uidiv
                0x000000008004ef30                __udivsi3
 *fill*         0x000000008004f018        0x8 
 .text.__umodsi3
                0x000000008004f020       0xbc output/boards/2280_ddr/start/lib1funcs.o
                0x000000008004f020                __umodsi3
 *fill*         0x000000008004f0dc        0x4 
 .text.__divsi3
                0x000000008004f0e0      0x118 output/boards/2280_ddr/start/lib1funcs.o
                0x000000008004f0e0                __divsi3
                0x000000008004f0e0                __aeabi_idiv
 *fill*         0x000000008004f1f8        0x8 
 .text.__modsi3
                0x000000008004f200       0xd4 output/boards/2280_ddr/start/lib1funcs.o
                0x000000008004f200                __modsi3
 *fill*         0x000000008004f2d4        0xc 
 .text.__aeabi_uidivmod
                0x000000008004f2e0       0x38 output/boards/2280_ddr/start/lib1funcs.o
                0x000000008004f2e0                __aeabi_uidivmod
                0x000000008004f300                __aeabi_idivmod
 .text.Ldiv0    0x000000008004f318       0x10 output/boards/2280_ddr/start/lib1funcs.o
 .text          0x000000008004f328     0x4c08 ./drivers/ddr/libddr_64.a(dcu.o)
                0x000000008004f328                maxt
                0x000000008004f3a4                MA_OUTW
                0x000000008004f3d4                MA_INW
                0x000000008004f404                Write_reg
                0x000000008004f434                Read_reg
                0x000000008004f464                MA_INH1
                0x000000008004f498                MA_OUTH1
                0x000000008004f4e0                delay_ns
                0x000000008004f518                delay
                0x000000008004f560                ddr_reset
                0x000000008004f5d8                cfg_pll0
                0x000000008004f654                wait_for_pll0_lock
                0x000000008004f6a0                cfg_pll1
                0x000000008004f71c                wait_for_pll1_lock
                0x000000008004f768                cfg_pll2
                0x000000008004f7e4                wait_for_pll2_lock
                0x000000008004f830                init_chip_ddr
                0x000000008004fde0                message_box
                0x000000008004ff0c                get_streaming_message
                0x000000008004ff28                lookup_string_index
                0x000000008004ffb0                dwc_ddrphy_phyinit_userCustom_E_setDfiClk
                0x000000008004ffd0                dwc_ddrphy_phyinit_userCustom_customPostTrain
                0x000000008004ffe8                dwc_ddrphy_phyinit_userCustom_H_readMsgBlock
                0x000000008005000c                dwc_ddrphy_apb_wr
                0x000000008005003c                load_image
                0x00000000800500b0                load_dmem
                0x0000000080050450                load_Imem
                0x00000000800504a8                config
                0x0000000080052228                DDR3_init
 .text          0x0000000080053f30       0x3c /home/tool/arm-hjimi-linux-gnueabi/bin/../lib/gcc/arm-hjimi-linux-gnueabi/7.3.0/libgcc.a(_aeabi_uldivmod.o)
                0x0000000080053f30                __aeabi_uldivmod
 .text          0x0000000080053f6c       0x10 /home/tool/arm-hjimi-linux-gnueabi/bin/../lib/gcc/arm-hjimi-linux-gnueabi/7.3.0/libgcc.a(_dvmd_lnx.o)
                0x0000000080053f6c                __aeabi_ldiv0
                0x0000000080053f6c                __aeabi_idiv0
 .text          0x0000000080053f7c      0x15c /home/tool/arm-hjimi-linux-gnueabi/bin/../lib/gcc/arm-hjimi-linux-gnueabi/7.3.0/libgcc.a(_udivmoddi4.o)
                0x0000000080053f7c                __udivmoddi4

.glue_7         0x00000000800540d8        0x0
 .glue_7        0x00000000800540d8        0x0 linker stubs

.glue_7t        0x00000000800540d8        0x0
 .glue_7t       0x00000000800540d8        0x0 linker stubs

.vfp11_veneer   0x00000000800540d8        0x0
 .vfp11_veneer  0x00000000800540d8        0x0 linker stubs

.v4_bx          0x00000000800540d8        0x0
 .v4_bx         0x00000000800540d8        0x0 linker stubs

.plt            0x00000000800540d8       0x2c
 .plt           0x00000000800540d8       0x2c output/rtos/croutine.o

.iplt           0x0000000080054104        0x0
 .iplt          0x0000000080054104        0x0 output/rtos/croutine.o
                0x0000000080054104                . = ALIGN (0x4)

.rodata         0x0000000080054104    0x70c32
 *(SORT_BY_ALIGNMENT(SORT_BY_NAME(.rodata*)))
 .rodata        0x0000000080054104       0x22 output/rtos/event_groups.o
 *fill*         0x0000000080054126        0x2 
 .rodata        0x0000000080054128       0x32 output/rtos/portable/MemMang/heap_4.o
 *fill*         0x000000008005415a        0x2 
 .rodata        0x000000008005415c       0x1e output/rtos/queue.o
 *fill*         0x000000008005417a        0x2 
 .rodata        0x000000008005417c       0x26 output/rtos/stream_buffer.o
 *fill*         0x00000000800541a2        0x2 
 .rodata        0x00000000800541a4       0x74 output/rtos/tasks.o
 .rodata        0x0000000080054218       0x41 output/rtos/timers.o
 *fill*         0x0000000080054259        0x3 
 .rodata        0x000000008005425c       0x6b output/main/uart_task.o
 *fill*         0x00000000800542c7        0x1 
 .rodata        0x00000000800542c8       0x4a output/main/main.o
 *fill*         0x0000000080054312        0x2 
 .rodata        0x0000000080054314    0x658dd output/app/dpu/dpu_hal.o
                0x0000000080054314                dpu_init_seq
                0x0000000080054744                ref_img
                0x00000000800b4744                s2d
                0x00000000800b8744                dpu_ram_frame
 *fill*         0x00000000800b9bf1        0x3 
 .rodata        0x00000000800b9bf4       0xfa output/app/dpu/dputask.o
 *fill*         0x00000000800b9cee        0x2 
 .rodata        0x00000000800b9cf0      0x12a output/app/dpu/msg_module.o
 *fill*         0x00000000800b9e1a        0x2 
 .rodata        0x00000000800b9e1c      0x288 output/app/imi_app/subsystem/usb/vendor_usb.o
 .rodata        0x00000000800ba0a4       0xe4 output/app/imi_app/subsystem/vendor_sub_system.o
 .rodata        0x00000000800ba188      0x12d output/app/imi_app/vendor/cmd_hal.o
 *fill*         0x00000000800ba2b5        0x3 
 .rodata        0x00000000800ba2b8      0x457 output/app/imi_app/vendor/vendor_device.o
 *fill*         0x00000000800ba70f        0x1 
 .rodata        0x00000000800ba710      0x5f3 output/app/imi_app/vendor/vendor_misc.o
 *fill*         0x00000000800bad03        0x1 
 .rodata        0x00000000800bad04       0x36 output/drivers/base/imi_dev.o
 *fill*         0x00000000800bad3a        0x2 
 .rodata        0x00000000800bad3c        0x9 output/drivers/base/imi_work.o
 *fill*         0x00000000800bad45        0x3 
 .rodata        0x00000000800bad48      0x427 output/drivers/buf_man/imi_bm.o
 *fill*         0x00000000800bb16f        0x1 
 .rodata        0x00000000800bb170      0x2c0 output/drivers/clock/clock_2280.o
 .rodata        0x00000000800bb430      0x599 output/drivers/csi_rx/csi_rx_2280.o
 *fill*         0x00000000800bb9c9        0x3 
 .rodata        0x00000000800bb9cc       0xb0 output/drivers/csi_rx/vidomain_2280.o
 .rodata        0x00000000800bba7c      0x106 output/drivers/dma/dmaengine.o
 *fill*         0x00000000800bbb82        0x2 
 .rodata        0x00000000800bbb84      0x278 output/drivers/dma/pl330.o
 .rodata        0x00000000800bbdfc       0xb0 output/drivers/dpu_2280/debug.o
 .rodata        0x00000000800bbeac       0xad output/drivers/dpu_2280/dpu.o
 *fill*         0x00000000800bbf59        0x3 
 .rodata        0x00000000800bbf5c      0x45f output/drivers/dpu_2280/dpu_dev.o
 *fill*         0x00000000800bc3bb        0x1 
 .rodata        0x00000000800bc3bc       0xdb output/drivers/gpio/gpio.o
 *fill*         0x00000000800bc497        0x1 
 .rodata        0x00000000800bc498      0x357 output/drivers/i2c/i2c-designware-common.o
 *fill*         0x00000000800bc7ef        0x1 
 .rodata        0x00000000800bc7f0       0x6a output/drivers/i2c/i2c-designware-dma.o
 *fill*         0x00000000800bc85a        0x2 
 .rodata        0x00000000800bc85c      0x1cb output/drivers/i2c/i2c-designware-master.o
 *fill*         0x00000000800bca27        0x1 
 .rodata        0x00000000800bca28       0xb2 output/drivers/i2c/i2c-designware-platdrv.o
 *fill*         0x00000000800bcada        0x2 
 .rodata        0x00000000800bcadc      0x133 output/drivers/i2c/i2c-designware-slave.o
 *fill*         0x00000000800bcc0f        0x1 
 .rodata        0x00000000800bcc10      0x11d output/drivers/i2c/i2c_core.o
 *fill*         0x00000000800bcd2d        0x3 
 .rodata        0x00000000800bcd30       0x52 output/drivers/ipc/imi_ipc.o
 *fill*         0x00000000800bcd82        0x2 
 .rodata        0x00000000800bcd84       0x2e output/drivers/irq/chip.o
 *fill*         0x00000000800bcdb2        0x2 
 .rodata        0x00000000800bcdb4       0xc8 output/drivers/irq/vic_int.o
 .rodata        0x00000000800bce7c       0x59 output/drivers/irq/interrupt.o
 *fill*         0x00000000800bced5        0x3 
 .rodata        0x00000000800bced8       0x8a output/drivers/irrx/irrx.o
 *fill*         0x00000000800bcf62        0x2 
 .rodata        0x00000000800bcf64      0x57d output/drivers/irrx/ov928x.o
 *fill*         0x00000000800bd4e1        0x3 
 .rodata        0x00000000800bd4e4      0x208 output/drivers/mailbox/imi_mailbox.o
 .rodata        0x00000000800bd6ec        0x8 output/drivers/mailbox/mailbox.o
 .rodata        0x00000000800bd6f4      0x134 output/drivers/pinmux/pinmux.o
 .rodata        0x00000000800bd828      0x47a output/drivers/qspi/nand/spi_nand.o
 *fill*         0x00000000800bdca2        0x2 
 .rodata        0x00000000800bdca4      0x4d1 output/drivers/qspi/nor/spi_nor.o
 *fill*         0x00000000800be175        0x3 
 .rodata        0x00000000800be178      0x1a7 output/drivers/qspi/nor_test.o
 *fill*         0x00000000800be31f        0x1 
 .rodata        0x00000000800be320      0x180 output/drivers/qspi/nand_test.o
 .rodata        0x00000000800be4a0      0x2c3 output/drivers/qspi/candence_qspi.o
 *fill*         0x00000000800be763        0x1 
 .rodata        0x00000000800be764       0xac output/drivers/reset/reset_imi2280.o
 .rodata        0x00000000800be810       0xc6 output/drivers/reset/reset.o
 *fill*         0x00000000800be8d6        0x2 
 .rodata        0x00000000800be8d8       0x88 output/drivers/rvl/rvl.o
 .rodata        0x00000000800be960       0x13 output/drivers/soc/dma_buf.o
 *fill*         0x00000000800be973        0x1 
 .rodata        0x00000000800be974        0x8 output/drivers/timers/timer_imi2280.o
 .rodata        0x00000000800be97c       0xb2 output/drivers/trigger/sensor_sync_2280.o
 *fill*         0x00000000800bea2e        0x2 
 .rodata        0x00000000800bea30       0x9d output/drivers/trigger/trigger.o
 *fill*         0x00000000800beacd        0x3 
 .rodata        0x00000000800bead0      0x289 output/drivers/usb/gadget/composite.o
 *fill*         0x00000000800bed59        0x3 
 .rodata        0x00000000800bed5c       0x41 output/drivers/usb/gadget/core.o
 *fill*         0x00000000800bed9d        0x3 
 .rodata        0x00000000800beda0       0x40 output/drivers/usb/gadget/function/f_imi.o
 .rodata        0x00000000800bede0       0x5e output/drivers/usb/gadget/function/imi_vendor_cmd.o
 *fill*         0x00000000800bee3e        0x2 
 .rodata        0x00000000800bee40       0x1a output/drivers/usb/gadget/function/u_imi.o
 *fill*         0x00000000800bee5a        0x2 
 .rodata        0x00000000800bee5c       0x73 output/drivers/usb/gadget/legacy/g_imi_usb.o
 *fill*         0x00000000800beecf        0x1 
 .rodata        0x00000000800beed0      0x11a output/drivers/usb/musb/musb_core.o
                0x00000000800beed0                musb_driver_name
 *fill*         0x00000000800befea        0x2 
 .rodata        0x00000000800befec       0x6b output/drivers/usb/musb/musb_gadget.o
 *fill*         0x00000000800bf057        0x1 
 .rodata        0x00000000800bf058       0xaf output/drivers/usb/musb/musb_gadget_ep0.o
                0x00000000800bf0d0                musb_g_ep0_ops
 *fill*         0x00000000800bf107        0x1 
 .rodata        0x00000000800bf108       0x1f output/drivers/usb/musb/musb_rtos.o
 *fill*         0x00000000800bf127        0x1 
 .rodata        0x00000000800bf128       0xc8 output/drivers/usb/musb/musbhsdma.o
 .rodata        0x00000000800bf1f0       0x73 output/drivers/vcsel_driver/vcsel.o
 *fill*         0x00000000800bf263        0x1 
 .rodata        0x00000000800bf264      0x13a output/drivers/vcsel_driver/lm36011.o
 *fill*         0x00000000800bf39e        0x2 
 .rodata        0x00000000800bf3a0      0x13f output/drivers/vcsel_driver/lm3644.o
 *fill*         0x00000000800bf4df        0x1 
 .rodata        0x00000000800bf4e0       0x43 output/boards/2280_ddr/board_2280.o
 *fill*         0x00000000800bf523        0x1 
 .rodata        0x00000000800bf524      0x124 output/tools/FreeRTOS_CLI/FreeRTOS_CLI.o
 .rodata        0x00000000800bf648      0x435 output/tools/FreeRTOS_CLI/imi_console.o
 *fill*         0x00000000800bfa7d        0x3 
 .rodata        0x00000000800bfa80       0x4a output/tools/easylogger/port/elog_init.o
 *fill*         0x00000000800bfaca        0x2 
 .rodata        0x00000000800bfacc        0xa output/tools/easylogger/port/elog_port.o
 *fill*         0x00000000800bfad6        0x2 
 .rodata        0x00000000800bfad8       0x8c output/tools/easylogger/src/elog_utils.o
 .rodata        0x00000000800bfb64      0x37e output/tools/easylogger/src/elog.o
 *fill*         0x00000000800bfee2        0x2 
 .rodata        0x00000000800bfee4       0x20 output/tools/printf/vsnprintf.o
 .rodata        0x00000000800bff04        0xa output/tools/printf/printf.o
 *fill*         0x00000000800bff0e        0x2 
 .rodata        0x00000000800bff10      0x100 output/tools/stdlib/ctype.o
                0x00000000800bff10                _ctype
 .rodata        0x00000000800c0010     0x4d26 ./drivers/ddr/libddr_64.a(dcu.o)
                0x00000000800c4d36                _etext = .
                0x00000000000c4d36                _text_size = (. - _text)

.interp         0x00000000800c4d36       0x13
 .interp        0x00000000800c4d36       0x13 output/rtos/croutine.o

.gnu.version_d  0x00000000800c4d4c        0x0
 .gnu.version_d
                0x00000000800c4d4c        0x0 output/rtos/croutine.o

.gnu.version    0x00000000800c4d4a       0x42
 .gnu.version   0x00000000800c4d4a       0x42 output/rtos/croutine.o

.gnu.version_r  0x00000000800c4d8c       0x20
 .gnu.version_r
                0x00000000800c4d8c       0x20 output/rtos/croutine.o

.hash           0x00000000800c4dac       0xd0
 .hash          0x00000000800c4dac       0xd0 output/rtos/croutine.o

.gnu.hash       0x00000000800c4e7c       0xe4
 .gnu.hash      0x00000000800c4e7c       0xe4 output/rtos/croutine.o

.ARM.extab      0x00000000800c4f60        0x0
 .ARM.extab     0x00000000800c4f60        0x0 /home/tool/arm-hjimi-linux-gnueabi/bin/../lib/gcc/arm-hjimi-linux-gnueabi/7.3.0/libgcc.a(_udivmoddi4.o)

.ARM.exidx      0x00000000800c4f60        0x8
 .ARM.exidx     0x00000000800c4f60        0x8 /home/tool/arm-hjimi-linux-gnueabi/bin/../lib/gcc/arm-hjimi-linux-gnueabi/7.3.0/libgcc.a(_udivmoddi4.o)

.data           0x00000000800c4f68     0x69c4
                0x00000000800c4f68                _data = .
 *(.data*)
 .data          0x00000000800c4f68        0x0 output/rtos/croutine.o
 .data.rel.ro   0x00000000800c4f68        0x0 output/rtos/croutine.o
 .data          0x00000000800c4f68        0x0 output/rtos/event_groups.o
 .data          0x00000000800c4f68        0x0 output/rtos/list.o
 .data          0x00000000800c4f68        0x4 output/rtos/portable/GCC/port.o
                0x00000000800c4f68                ulCriticalNesting
 .data          0x00000000800c4f6c        0x0 output/rtos/portable/MemMang/heap_4.o
 .data          0x00000000800c4f6c        0x0 output/rtos/queue.o
 .data          0x00000000800c4f6c        0x0 output/rtos/stream_buffer.o
 .data          0x00000000800c4f6c        0x0 output/rtos/tasks.o
 .data          0x00000000800c4f6c        0x0 output/rtos/timers.o
 .data          0x00000000800c4f6c        0x0 output/main/driver_init.o
 .data          0x00000000800c4f6c        0x0 output/main/uart_task.o
 .data          0x00000000800c4f6c        0x0 output/main/main.o
 .data          0x00000000800c4f6c        0x0 output/app/dpu/dpu_hal.o
 .data          0x00000000800c4f6c       0x6c output/app/dpu/dputask.o
                0x00000000800c4f6c                task_init_table
 .data          0x00000000800c4fd8        0x0 output/app/dpu/msg_module.o
 .data          0x00000000800c4fd8       0x5c output/app/imi_app/subsystem/usb/vendor_usb.o
                0x00000000800c500c                imi_sub_system_usb
 .data          0x00000000800c5034       0x10 output/app/imi_app/subsystem/vendor_sub_system.o
 .data          0x00000000800c5044        0x0 output/app/imi_app/vendor/cmd_hal.o
 .data          0x00000000800c5044        0xb output/app/imi_app/vendor/vendor_device.o
 *fill*         0x00000000800c504f        0x1 
 .data          0x00000000800c5050      0x2c0 output/app/imi_app/vendor/vendor_misc.o
                0x00000000800c50d0                vendor_misc_handle_map
 .data          0x00000000800c5310        0x0 output/drivers/base/imi_dev.o
 .data          0x00000000800c5310        0x0 output/drivers/base/imi_work.o
 .data          0x00000000800c5310        0xc output/drivers/buf_man/imi_bm.o
                0x00000000800c5310                imi_bufpool_base
                0x00000000800c5314                ibpl
 .data          0x00000000800c531c        0x0 output/drivers/clock/clock.o
 .data          0x00000000800c531c        0x0 output/drivers/clock/clock_1680.o
 .data          0x00000000800c531c        0x0 output/drivers/clock/clock_2280.o
 .data          0x00000000800c531c        0x0 output/drivers/compat/linux_compat.o
 .data          0x00000000800c531c        0x0 output/drivers/cpu/cpu.o
 .data          0x00000000800c531c        0x8 output/drivers/csi_rx/csi_rx_2280.o
 .data          0x00000000800c5324        0x0 output/drivers/csi_rx/vidomain_2280.o
 .data          0x00000000800c5324        0x0 output/drivers/delay/delay.o
 .data          0x00000000800c5324       0x20 output/drivers/dma/dmaengine.o
 .data          0x00000000800c5344        0x0 output/drivers/dma/pl330.o
 .data          0x00000000800c5344        0x0 output/drivers/dpu_2280/debug.o
 .data          0x00000000800c5344        0x8 output/drivers/dpu_2280/dpu.o
 .data          0x00000000800c534c       0x38 output/drivers/dpu_2280/dpu_dev.o
                0x00000000800c5354                dbg_lvl
                0x00000000800c5358                dpu_2280_ops
 .data          0x00000000800c5384        0x0 output/drivers/gpio/gpio.o
 .data          0x00000000800c5384       0x40 output/drivers/i2c/i2c-designware-common.o
 .data          0x00000000800c53c4        0x0 output/drivers/i2c/i2c-designware-dma.o
 .data          0x00000000800c53c4        0x0 output/drivers/i2c/i2c-designware-master.o
 .data          0x00000000800c53c4        0x0 output/drivers/i2c/i2c-designware-platdrv.o
 .data          0x00000000800c53c4        0x0 output/drivers/i2c/i2c-designware-slave.o
 .data          0x00000000800c53c4        0x0 output/drivers/i2c/i2c_plat.o
 .data          0x00000000800c53c4        0x8 output/drivers/i2c/i2c_core.o
 .data          0x00000000800c53cc        0x0 output/drivers/ipc/imi_ipc.o
 .data          0x00000000800c53cc        0x0 output/drivers/irq/chip.o
 .data          0x00000000800c53cc       0x10 output/drivers/irq/vic_int.o
                0x00000000800c53cc                vic_addr
 .data          0x00000000800c53dc        0x0 output/drivers/irq/interrupt.o
 .data          0x00000000800c53dc        0x8 output/drivers/irrx/irrx.o
 .data          0x00000000800c53e4       0x4c output/drivers/irrx/ov928x.o
                0x00000000800c53e4                hw_info
                0x00000000800c5414                ov928x_dev_ops
 .data          0x00000000800c5430        0x0 output/drivers/mailbox/imi_mailbox.o
 .data          0x00000000800c5430       0x20 output/drivers/mailbox/mailbox.o
                0x00000000800c5430                imi_mailbox_driver
 .data          0x00000000800c5450        0x0 output/drivers/pinmux/pinmux.o
 .data          0x00000000800c5450        0x0 output/drivers/qspi/nand/spi_bbm.o
 .data          0x00000000800c5450        0x0 output/drivers/qspi/nand/spi_nand.o
 .data          0x00000000800c5450        0x0 output/drivers/qspi/nor/spi_nor.o
 .data          0x00000000800c5450        0x4 output/drivers/qspi/nor_test.o
                0x00000000800c5450                quad_mode_w
 .data          0x00000000800c5454        0x0 output/drivers/qspi/nand_test.o
 .data          0x00000000800c5454        0x4 output/drivers/qspi/candence_qspi.o
 .data          0x00000000800c5458        0x0 output/drivers/reset/reset_imi1680.o
 .data          0x00000000800c5458       0x10 output/drivers/reset/reset_imi2280.o
 .data          0x00000000800c5468        0x8 output/drivers/reset/reset.o
 .data          0x00000000800c5470        0x8 output/drivers/rvl/rvl.o
                0x00000000800c5470                imi_rvl_driver
 .data          0x00000000800c5478        0x0 output/drivers/soc/cache-cp15.o
 .data          0x00000000800c5478        0x4 output/drivers/soc/dma_buf.o
 .data          0x00000000800c547c        0x0 output/drivers/ssp/imi_spi.o
 .data          0x00000000800c547c        0x0 output/drivers/timers/timer_imi1680.o
 .data          0x00000000800c547c        0x0 output/drivers/timers/timer_imi2280.o
 .data          0x00000000800c547c       0x24 output/drivers/trigger/sensor_sync_2280.o
                0x00000000800c547c                trig_2280_ops
 .data          0x00000000800c54a0        0x0 output/drivers/trigger/soft_timer.o
 .data          0x00000000800c54a0        0x8 output/drivers/trigger/trigger.o
 .data          0x00000000800c54a8        0x0 output/drivers/uart/uart.o
 .data          0x00000000800c54a8        0x0 output/drivers/usb/gadget/composite.o
 .data          0x00000000800c54a8        0x0 output/drivers/usb/gadget/config.o
 .data          0x00000000800c54a8        0x8 output/drivers/usb/gadget/core.o
 .data          0x00000000800c54b0        0x0 output/drivers/usb/gadget/epautoconf.o
 .data          0x00000000800c54b0       0xe0 output/drivers/usb/gadget/function/f_imi.o
                0x00000000800c5588                imi_1680_usb
 .data          0x00000000800c5590       0x24 output/drivers/usb/gadget/function/imi_vendor_cmd.o
 .data          0x00000000800c55b4        0x0 output/drivers/usb/gadget/function/u_imi.o
 .data          0x00000000800c55b4       0xa4 output/drivers/usb/gadget/legacy/g_imi_usb.o
                0x00000000800c55b4                usb_g_fun
 .data          0x00000000800c5658        0x0 output/drivers/usb/gadget/usbstring.o
 .data          0x00000000800c5658        0xa output/drivers/usb/musb/musb_core.o
 *fill*         0x00000000800c5662        0x2 
 .data          0x00000000800c5664        0x8 output/drivers/usb/musb/musb_gadget.o
 .data          0x00000000800c566c        0x0 output/drivers/usb/musb/musb_gadget_ep0.o
 .data          0x00000000800c566c       0x70 output/drivers/usb/musb/musb_rtos.o
 .data          0x00000000800c56dc        0x0 output/drivers/usb/musb/musbhsdma.o
 .data          0x00000000800c56dc        0x8 output/drivers/vcsel_driver/vcsel.o
 .data          0x00000000800c56e4       0x40 output/drivers/vcsel_driver/lm36011.o
                0x00000000800c56e4                flood_dev
                0x00000000800c570c                lm36011_vcsel_ops
 .data          0x00000000800c5724       0x40 output/drivers/vcsel_driver/lm3644.o
                0x00000000800c5724                dot_dev
                0x00000000800c574c                lm3644_vcsel_ops
 .data          0x00000000800c5764        0x0 output/boards/2280_ddr/start/section.o
 .data          0x00000000800c5764        0x0 output/boards/2280_ddr/board_2280.o